// Jest Snapshot v1, https://goo.gl/fbAQLP

exports[`OrdersHistory should render correctly 1`] = `
<div>
  <table
    className="ui celled fixed sortable table"
  >
    <thead
      className=""
    >
      <tr
        className=""
      >
        <th
          className=""
          onClick={[Function]}
        >
          Name
        </th>
        <th
          className=""
          onClick={[Function]}
        >
          Age
        </th>
        <th
          className=""
          onClick={[Function]}
        >
          Gender
        </th>
      </tr>
    </thead>
    <tbody
      className=""
    >
      <tr
        className=""
      >
        <td
          className=""
        >
          John
        </td>
        <td
          className=""
        >
          15
        </td>
        <td
          className=""
        >
          Male
        </td>
      </tr>
      <tr
        className=""
      >
        <td
          className=""
        >
          Amber
        </td>
        <td
          className=""
        >
          40
        </td>
        <td
          className=""
        >
          Female
        </td>
      </tr>
      <tr
        className=""
      >
        <td
          className=""
        >
          Leslie
        </td>
        <td
          className=""
        >
          25
        </td>
        <td
          className=""
        >
          Female
        </td>
      </tr>
      <tr
        className=""
      >
        <td
          className=""
        >
          Ben
        </td>
        <td
          className=""
        >
          70
        </td>
        <td
          className=""
        >
          Male
        </td>
      </tr>
    </tbody>
  </table>
</div>
`;
