// Jest Snapshot v1, https://goo.gl/fbAQLP

exports[`OrdersHistory should render correctly 1`] = `
<div>
  <table
    className="ui celled fixed sortable table"
  >
    <thead
      className=""
    >
      <tr
        className=""
      >
        <th
          className=""
          onClick={[Function]}
        >
          Order Number
        </th>
        <th
          className=""
          onClick={[Function]}
        >
          Name
        </th>
        <th
          className=""
          onClick={[Function]}
        >
          Rating
        </th>
        <th
          className=""
          onClick={[Function]}
        >
          Date
        </th>
        <th
          className=""
          onClick={[Function]}
        >
          Order
        </th>
      </tr>
    </thead>
    <tbody
      className=""
    >
      <tr
        className=""
      >
        <td
          className=""
        >
          37391804
        </td>
        <td
          className=""
        >
          Leonardo Cadastro
        </td>
        <td
          className=""
        >
          1
        </td>
        <td
          className=""
        >
          20/10/2017
        </td>
        <td
          className=""
        >
          R$ 224.92
        </td>
      </tr>
      <tr
        className=""
      >
        <td
          className=""
        >
          32132122
        </td>
        <td
          className=""
        >
          Eduardo pedroso
        </td>
        <td
          className=""
        >
          2
        </td>
        <td
          className=""
        >
          20/10/2017
        </td>
        <td
          className=""
        >
          R$ 229.92
        </td>
      </tr>
      <tr
        className=""
      >
        <td
          className=""
        >
          37391804
        </td>
        <td
          className=""
        >
          Leonardo Cadastro
        </td>
        <td
          className=""
        >
          3
        </td>
        <td
          className=""
        >
          20/10/2017
        </td>
        <td
          className=""
        >
          R$ 224.92
        </td>
      </tr>
      <tr
        className=""
      >
        <td
          className=""
        >
          37391804
        </td>
        <td
          className=""
        >
          Leonardo Cadastro
        </td>
        <td
          className=""
        >
          4
        </td>
        <td
          className=""
        >
          20/10/2017
        </td>
        <td
          className=""
        >
          R$ 224.92
        </td>
      </tr>
    </tbody>
  </table>
</div>
`;
